=========================================
iSCSI Test Runner
=========================================

Environment:
  Commit: 042b82b9536eed1164a96662c7749e5b56a4b747 (042b82b Merge branch 'master' of https://github.com/lawless-m/iscsi-crate)
  Branch: master
  OS: Linux b8eb7da21659 5.10.0-34-amd64 #1 SMP Debian 5.10.234-1 (2025-02-24) x86_64 GNU/Linux
  Date: 2025-12-09 09:42:18 UTC

Starting iSCSI target...
Target is ready

Running: ./simple_test iscsi://127.0.0.1:3261/iqn.2025-12.local:storage.memory-disk/0
=========================================

Simple iSCSI Target Test
========================
Target: iscsi://127.0.0.1:3261/iqn.2025-12.local:storage.memory-disk/0

Parsing URL...
URL parsed successfully
[1/5] Creating iSCSI context...
  PASS
Setting target name to: iqn.2025-12.local:storage.memory-disk
[2/5] Connecting to target at 127.0.0.1:3261...
Connect returned: 0
  PASS: Connected successfully
[3/5] Testing INQUIRY command...
  PASS: INQUIRY successful
[4/5] Testing READ CAPACITY command...
  PASS: Capacity = 204800 blocks x 512 bytes
[5/5] Testing READ/WRITE operations...
  PASS: Data integrity verified

========================
Summary: 5 passed, 0 failed
========================

=========================================
[0;32m✓ Tests PASSED[0m
